// Jest Snapshot v1, https://goo.gl/fbAQLP

exports[`render default Button 1`] = `
<View
  accessible={true}
  clickable={true}
  isTVSelectable={true}
  onClick={[Function]}
  onResponderGrant={[Function]}
  onResponderMove={[Function]}
  onResponderRelease={[Function]}
  onResponderTerminate={[Function]}
  onResponderTerminationRequest={[Function]}
  onStartShouldSetResponder={[Function]}
  style={
    Object {
      "opacity": 1,
    }
  }
>
  <View
    style={
      Array [
        Object {
          "alignItems": "center",
          "backgroundColor": "#0087E9",
          "borderRadius": 8,
          "justifyContent": "center",
          "paddingHorizontal": 20,
          "paddingVertical": 10,
        },
        undefined,
      ]
    }
  >
    <Text
      style={
        Array [
          Object {
            "color": "white",
            "fontSize": 16,
          },
          undefined,
        ]
      }
    >
      Awesome Button
    </Text>
  </View>
</View>
`;
